// Vitest Snapshot v1, https://vitest.dev/guide/snapshot.html

exports[`OpenAPI Contract > should match the snapshot of the generated OpenAPI spec 1`] = `
{
  "components": {
    "schemas": {
      "ErrorResponse": {},
      "GameState": {},
      "MatchLog": {},
      "MatchParameters": {},
      "TurnResult": {},
      "def-0": {
        "title": "MatchParameters",
      },
      "def-1": {
        "title": "GameState",
      },
      "def-2": {
        "title": "TurnResult",
      },
      "def-3": {
        "title": "MatchLog",
      },
      "def-4": {
        "title": "ErrorResponse",
      },
    },
  },
  "info": {
    "description": "Authoritative game server for Phalanx Duel. External event validation schemas are available at [api/EVENT_SCHEMAS.md](https://github.com/phalanxduel/phalanxduel/blob/main/docs/api/EVENT_SCHEMAS.md).",
    "title": "Phalanx Duel Game Server",
    "version": "<redacted-version>",
  },
  "openapi": "3.0.3",
  "paths": {
    "/api/auth/gamertag": {
      "post": {
        "description": "Updates the authenticated user gamertag and assigns a new suffix. Limited to once every 7 days.",
        "requestBody": {
          "content": {
            "application/json": {
              "schema": {},
            },
          },
          "required": true,
        },
        "responses": {
          "200": {
            "content": {
              "application/json": {
                "schema": {},
              },
            },
            "description": "Default Response",
          },
          "400": {
            "content": {
              "application/json": {
                "schema": {
                  "$ref": "#/components/schemas/def-4",
                },
              },
            },
            "description": "Default Response",
          },
          "401": {
            "content": {
              "application/json": {
                "schema": {
                  "$ref": "#/components/schemas/def-4",
                },
              },
            },
            "description": "Default Response",
          },
          "404": {
            "content": {
              "application/json": {
                "schema": {
                  "$ref": "#/components/schemas/def-4",
                },
              },
            },
            "description": "Default Response",
          },
          "429": {
            "content": {
              "application/json": {
                "schema": {
                  "$ref": "#/components/schemas/def-4",
                },
              },
            },
            "description": "Default Response",
          },
          "503": {
            "content": {
              "application/json": {
                "schema": {
                  "$ref": "#/components/schemas/def-4",
                },
              },
            },
            "description": "Default Response",
          },
        },
        "summary": "Change gamertag",
        "tags": [
          "auth",
        ],
      },
    },
    "/api/auth/login": {
      "post": {
        "requestBody": {
          "content": {
            "application/json": {
              "schema": {},
            },
          },
          "required": true,
        },
        "responses": {
          "200": {
            "content": {
              "application/json": {
                "schema": {},
              },
            },
            "description": "Default Response",
          },
          "400": {
            "content": {
              "application/json": {
                "schema": {
                  "$ref": "#/components/schemas/def-4",
                },
              },
            },
            "description": "Default Response",
          },
          "401": {
            "content": {
              "application/json": {
                "schema": {
                  "$ref": "#/components/schemas/def-4",
                },
              },
            },
            "description": "Default Response",
          },
          "503": {
            "content": {
              "application/json": {
                "schema": {
                  "$ref": "#/components/schemas/def-4",
                },
              },
            },
            "description": "Default Response",
          },
        },
        "summary": "Login with email and password",
        "tags": [
          "auth",
        ],
      },
    },
    "/api/auth/logout": {
      "post": {
        "description": "Clears the authentication cookies.",
        "responses": {
          "200": {
            "content": {
              "application/json": {
                "schema": {},
              },
            },
            "description": "Default Response",
          },
        },
        "summary": "Logout",
        "tags": [
          "auth",
        ],
      },
    },
    "/api/auth/me": {
      "get": {
        "description": "Returns the authenticated user object and a fresh token.",
        "responses": {
          "200": {
            "content": {
              "application/json": {
                "schema": {},
              },
            },
            "description": "Default Response",
          },
          "401": {
            "content": {
              "application/json": {
                "schema": {
                  "$ref": "#/components/schemas/def-4",
                },
              },
            },
            "description": "Default Response",
          },
          "404": {
            "content": {
              "application/json": {
                "schema": {
                  "$ref": "#/components/schemas/def-4",
                },
              },
            },
            "description": "Default Response",
          },
          "503": {
            "content": {
              "application/json": {
                "schema": {
                  "$ref": "#/components/schemas/def-4",
                },
              },
            },
            "description": "Default Response",
          },
        },
        "summary": "Get current user information",
        "tags": [
          "auth",
        ],
      },
    },
    "/api/auth/profile": {
      "post": {
        "description": "Updates profile metadata such as favorite suit, tagline, and avatar icon.",
        "requestBody": {
          "content": {
            "application/json": {
              "schema": {},
            },
          },
          "required": true,
        },
        "responses": {
          "200": {
            "content": {
              "application/json": {
                "schema": {},
              },
            },
            "description": "Default Response",
          },
          "400": {
            "content": {
              "application/json": {
                "schema": {
                  "$ref": "#/components/schemas/def-4",
                },
              },
            },
            "description": "Default Response",
          },
          "401": {
            "content": {
              "application/json": {
                "schema": {
                  "$ref": "#/components/schemas/def-4",
                },
              },
            },
            "description": "Default Response",
          },
          "404": {
            "content": {
              "application/json": {
                "schema": {
                  "$ref": "#/components/schemas/def-4",
                },
              },
            },
            "description": "Default Response",
          },
          "503": {
            "content": {
              "application/json": {
                "schema": {
                  "$ref": "#/components/schemas/def-4",
                },
              },
            },
            "description": "Default Response",
          },
        },
        "summary": "Update user profile",
        "tags": [
          "auth",
        ],
      },
    },
    "/api/auth/register": {
      "post": {
        "requestBody": {
          "content": {
            "application/json": {
              "schema": {},
            },
          },
          "required": true,
        },
        "responses": {
          "200": {
            "content": {
              "application/json": {
                "schema": {},
              },
            },
            "description": "Default Response",
          },
          "400": {
            "content": {
              "application/json": {
                "schema": {
                  "$ref": "#/components/schemas/def-4",
                },
              },
            },
            "description": "Default Response",
          },
          "409": {
            "content": {
              "application/json": {
                "schema": {
                  "$ref": "#/components/schemas/def-4",
                },
              },
            },
            "description": "Default Response",
          },
          "503": {
            "content": {
              "application/json": {
                "schema": {
                  "$ref": "#/components/schemas/def-4",
                },
              },
            },
            "description": "Default Response",
          },
        },
        "summary": "Register a new user",
        "tags": [
          "auth",
        ],
      },
    },
    "/api/defaults": {
      "get": {
        "description": "Returns the authoritative default configuration for new matches, including grid dimensions, hand sizes, and system constraints.",
        "responses": {
          "200": {
            "content": {
              "application/json": {
                "schema": {
                  "description": "Default match parameters and metadata",
                  "properties": {
                    "_meta": {
                      "properties": {
                        "botStrategies": {
                          "items": {
                            "type": "string",
                          },
                          "type": "array",
                        },
                        "configSource": {
                          "type": "string",
                        },
                        "constraints": {
                          "properties": {
                            "columns": {
                              "properties": {
                                "max": {
                                  "type": "integer",
                                },
                                "min": {
                                  "type": "integer",
                                },
                              },
                              "type": "object",
                            },
                            "initialDraw": {
                              "properties": {
                                "note": {
                                  "type": "string",
                                },
                              },
                              "type": "object",
                            },
                            "maxHandSize": {
                              "properties": {
                                "min": {
                                  "type": "integer",
                                },
                                "note": {
                                  "type": "string",
                                },
                              },
                              "type": "object",
                            },
                            "rows": {
                              "properties": {
                                "max": {
                                  "type": "integer",
                                },
                                "min": {
                                  "type": "integer",
                                },
                              },
                              "type": "object",
                            },
                            "startingLifepoints": {
                              "properties": {
                                "max": {
                                  "type": "integer",
                                },
                                "min": {
                                  "type": "integer",
                                },
                              },
                              "type": "object",
                            },
                            "totalSlots": {
                              "properties": {
                                "note": {
                                  "type": "string",
                                },
                              },
                              "type": "object",
                            },
                          },
                          "type": "object",
                        },
                      },
                      "type": "object",
                    },
                    "columns": {
                      "type": "integer",
                    },
                    "initialDraw": {
                      "type": "integer",
                    },
                    "initiative": {
                      "properties": {
                        "attackFirst": {
                          "type": "string",
                        },
                        "deployFirst": {
                          "type": "string",
                        },
                      },
                      "type": "object",
                    },
                    "maxHandSize": {
                      "type": "integer",
                    },
                    "modeClassicAces": {
                      "type": "boolean",
                    },
                    "modeClassicDeployment": {
                      "type": "boolean",
                    },
                    "modeClassicFaceCards": {
                      "type": "boolean",
                    },
                    "modeDamagePersistence": {
                      "type": "string",
                    },
                    "modeQuickStart": {
                      "type": "boolean",
                    },
                    "rows": {
                      "type": "integer",
                    },
                    "specVersion": {
                      "type": "string",
                    },
                    "startingLifepoints": {
                      "type": "integer",
                    },
                  },
                  "type": "object",
                },
              },
            },
            "description": "Default match parameters and metadata",
          },
        },
        "summary": "Default match parameters and constraints",
        "tags": [
          "config",
        ],
      },
    },
    "/api/ladder/{category}": {
      "get": {
        "description": "Returns the top rankings for a specific category (pvp, sp-random, sp-heuristic).",
        "responses": {
          "200": {
            "content": {
              "application/json": {
                "schema": {},
              },
            },
            "description": "Default Response",
          },
          "400": {
            "content": {
              "application/json": {
                "schema": {
                  "$ref": "#/components/schemas/def-4",
                },
              },
            },
            "description": "Default Response",
          },
        },
        "summary": "Get leaderboard by category",
        "tags": [
          "ladder",
        ],
      },
    },
    "/api/ladder/{category}/{userId}": {
      "get": {
        "description": "Returns a specific player's ranking and performance in a category.",
        "responses": {
          "200": {
            "content": {
              "application/json": {
                "schema": {},
              },
            },
            "description": "Default Response",
          },
          "400": {
            "content": {
              "application/json": {
                "schema": {
                  "$ref": "#/components/schemas/def-4",
                },
              },
            },
            "description": "Default Response",
          },
          "404": {
            "content": {
              "application/json": {
                "schema": {
                  "$ref": "#/components/schemas/def-4",
                },
              },
            },
            "description": "Default Response",
          },
        },
        "summary": "Get player ladder stats",
        "tags": [
          "ladder",
        ],
      },
    },
    "/api/matches/{matchId}/verify": {
      "get": {
        "description": "Replays the match action history and verifies the state hash chain against either in-memory or persisted state.",
        "responses": {
          "200": {
            "content": {
              "application/json": {
                "schema": {},
              },
            },
            "description": "Default Response",
          },
          "404": {
            "content": {
              "application/json": {
                "schema": {
                  "$ref": "#/components/schemas/def-4",
                },
              },
            },
            "description": "Default Response",
          },
        },
        "summary": "Verify match integrity",
        "tags": [
          "matches",
        ],
      },
    },
    "/api/stats": {
      "get": {
        "description": "Returns a summary of active and completed matches managed by the server.",
        "responses": {
          "200": {
            "content": {
              "application/json": {
                "schema": {},
              },
            },
            "description": "Default Response",
          },
        },
        "summary": "Global match statistics",
        "tags": [
          "stats",
        ],
      },
    },
    "/api/stats/{userId}/history": {
      "get": {
        "description": "Returns aggregated stats across all categories for a specific user.",
        "responses": {
          "200": {
            "content": {
              "application/json": {
                "schema": {},
              },
            },
            "description": "Default Response",
          },
          "404": {
            "content": {
              "application/json": {
                "schema": {
                  "$ref": "#/components/schemas/def-4",
                },
              },
            },
            "description": "Default Response",
          },
        },
        "summary": "Get player's full history",
        "tags": [
          "stats",
        ],
      },
    },
    "/health": {
      "get": {
        "description": "Returns 200 if the process is alive. Used by orchestrators and load balancers.",
        "responses": {
          "200": {
            "content": {
              "application/json": {
                "schema": {
                  "properties": {
                    "memory_heap_used_mb": {
                      "type": "integer",
                    },
                    "observability": {
                      "properties": {
                        "region": {
                          "type": "string",
                        },
                        "sentry_initialized": {
                          "type": "boolean",
                        },
                      },
                      "type": "object",
                    },
                    "status": {
                      "enum": [
                        "ok",
                      ],
                      "type": "string",
                    },
                    "timestamp": {
                      "format": "date-time",
                      "type": "string",
                    },
                    "uptime_seconds": {
                      "type": "integer",
                    },
                    "version": {
                      "type": "string",
                    },
                  },
                  "type": "object",
                },
              },
            },
            "description": "Default Response",
          },
        },
        "summary": "Server health check (liveness probe)",
        "tags": [
          "system",
        ],
      },
    },
    "/internal/matches": {
      "post": {
        "responses": {
          "200": {
            "description": "Default Response",
          },
        },
      },
    },
    "/matches": {
      "get": {
        "responses": {
          "200": {
            "content": {
              "application/json": {
                "schema": {
                  "description": "List of active matches with status summary",
                  "items": {
                    "properties": {
                      "ageSeconds": {
                        "type": "integer",
                      },
                      "lastActivitySeconds": {
                        "type": "integer",
                      },
                      "matchId": {
                        "format": "uuid",
                        "type": "string",
                      },
                      "phase": {
                        "nullable": true,
                        "type": "string",
                      },
                      "players": {
                        "items": {
                          "properties": {
                            "connected": {
                              "type": "boolean",
                            },
                            "name": {
                              "type": "string",
                            },
                          },
                          "type": "object",
                        },
                        "type": "array",
                      },
                      "spectatorCount": {
                        "type": "integer",
                      },
                      "turnNumber": {
                        "nullable": true,
                        "type": "integer",
                      },
                    },
                    "type": "object",
                  },
                  "type": "array",
                },
              },
            },
            "description": "List of active matches with status summary",
          },
        },
        "summary": "List all active matches",
        "tags": [
          "matches",
        ],
      },
      "post": {
        "responses": {
          "201": {
            "content": {
              "application/json": {
                "schema": {
                  "properties": {
                    "matchId": {
                      "format": "uuid",
                      "type": "string",
                    },
                  },
                  "type": "object",
                },
              },
            },
            "description": "Default Response",
          },
        },
        "summary": "Create a new match",
        "tags": [
          "matches",
        ],
      },
    },
    "/matches/completed": {
      "get": {
        "parameters": [
          {
            "in": "query",
            "name": "page",
            "required": false,
            "schema": {
              "default": "1",
              "pattern": "^\\d+$",
              "type": "string",
            },
          },
          {
            "in": "query",
            "name": "limit",
            "required": false,
            "schema": {
              "default": "20",
              "pattern": "^\\d+$",
              "type": "string",
            },
          },
        ],
        "responses": {
          "200": {
            "content": {
              "application/json": {
                "schema": {
                  "description": "List of completed match metadata",
                  "items": {
                    "properties": {
                      "completedAt": {
                        "format": "date-time",
                        "type": "string",
                      },
                      "createdAt": {
                        "format": "date-time",
                        "type": "string",
                      },
                      "fingerprint": {
                        "nullable": true,
                        "type": "string",
                      },
                      "matchId": {
                        "format": "uuid",
                        "type": "string",
                      },
                      "playerIds": {
                        "items": {
                          "format": "uuid",
                          "nullable": true,
                          "type": "string",
                        },
                        "type": "array",
                      },
                      "playerNames": {
                        "items": {
                          "type": "string",
                        },
                        "type": "array",
                      },
                      "turnCount": {
                        "nullable": true,
                        "type": "integer",
                      },
                      "victoryType": {
                        "nullable": true,
                        "type": "string",
                      },
                      "winnerIndex": {
                        "nullable": true,
                        "type": "integer",
                      },
                    },
                    "type": "object",
                  },
                  "type": "array",
                },
              },
            },
            "description": "List of completed match metadata",
          },
        },
        "summary": "Paginated list of completed match summaries",
        "tags": [
          "matches",
        ],
      },
    },
    "/matches/{id}/log": {
      "get": {
        "description": "Returns the full sequence of events for a match. Supports content negotiation via the format query parameter or Accept header.",
        "parameters": [
          {
            "in": "query",
            "name": "format",
            "required": false,
            "schema": {
              "default": "json",
              "enum": [
                "compact",
                "json",
              ],
              "type": "string",
            },
          },
          {
            "in": "path",
            "name": "id",
            "required": true,
            "schema": {
              "format": "uuid",
              "type": "string",
            },
          },
        ],
        "responses": {
          "200": {
            "content": {
              "application/json": {
                "schema": {
                  "description": "Full or compact event log",
                  "oneOf": [
                    {
                      "$ref": "#/components/schemas/def-3",
                    },
                    {
                      "items": {
                        "additionalProperties": true,
                        "type": "object",
                      },
                      "type": "array",
                    },
                  ],
                },
              },
            },
            "description": "Full or compact event log",
          },
          "404": {
            "content": {
              "application/json": {
                "schema": {
                  "$ref": "#/components/schemas/def-4",
                },
              },
            },
            "description": "Default Response",
          },
        },
        "summary": "Event log for a match",
        "tags": [
          "matches",
        ],
      },
    },
    "/matches/{matchId}/replay": {
      "get": {
        "parameters": [
          {
            "in": "path",
            "name": "matchId",
            "required": true,
            "schema": {
              "format": "uuid",
              "type": "string",
            },
          },
        ],
        "responses": {
          "200": {
            "content": {
              "application/json": {
                "schema": {
                  "properties": {
                    "actionCount": {
                      "type": "integer",
                    },
                    "error": {
                      "type": "string",
                    },
                    "failedAtIndex": {
                      "type": "integer",
                    },
                    "finalStateHash": {
                      "type": "string",
                    },
                    "valid": {
                      "type": "boolean",
                    },
                  },
                  "type": "object",
                },
              },
            },
            "description": "Default Response",
          },
          "401": {
            "content": {
              "application/json": {
                "schema": {
                  "properties": {
                    "code": {
                      "type": "string",
                    },
                    "error": {
                      "type": "string",
                    },
                  },
                  "type": "object",
                },
              },
            },
            "description": "Default Response",
          },
          "404": {
            "content": {
              "application/json": {
                "schema": {
                  "properties": {
                    "code": {
                      "type": "string",
                    },
                    "error": {
                      "type": "string",
                    },
                  },
                  "type": "object",
                },
              },
            },
            "description": "Default Response",
          },
        },
        "summary": "Replay and validate a match from its action history",
        "tags": [
          "matches",
        ],
      },
    },
    "/ready": {
      "get": {
        "description": "Returns 200 if the app is ready to handle traffic, including database connectivity.",
        "responses": {
          "200": {
            "content": {
              "application/json": {
                "schema": {
                  "properties": {
                    "database": {
                      "enum": [
                        "ok",
                        "unhealthy",
                      ],
                      "type": "string",
                    },
                    "ready": {
                      "type": "boolean",
                    },
                    "timestamp": {
                      "format": "date-time",
                      "type": "string",
                    },
                  },
                  "type": "object",
                },
              },
            },
            "description": "Default Response",
          },
          "503": {
            "content": {
              "application/json": {
                "schema": {
                  "properties": {
                    "database": {
                      "enum": [
                        "ok",
                        "unhealthy",
                      ],
                      "type": "string",
                    },
                    "error": {
                      "type": "string",
                    },
                    "ready": {
                      "type": "boolean",
                    },
                    "timestamp": {
                      "format": "date-time",
                      "type": "string",
                    },
                  },
                  "type": "object",
                },
              },
            },
            "description": "Default Response",
          },
        },
        "summary": "Server readiness check",
        "tags": [
          "system",
        ],
      },
    },
  },
  "servers": [
    {
      "url": "http://localhost:3001",
    },
  ],
}
`;
