// Vitest Snapshot v1, https://vitest.dev/guide/snapshot.html

exports[`OpenAPI Contract > should match the snapshot of the generated OpenAPI spec 1`] = `
{
  "components": {
    "schemas": {},
  },
  "info": {
    "description": "Authoritative game server for Phalanx Duel. External event validation schemas are available at [api/EVENT_SCHEMAS.md](https://github.com/phalanxduel/phalanxduel/blob/main/docs/api/EVENT_SCHEMAS.md).",
    "title": "Phalanx Duel Game Server",
    "version": "<redacted-version>",
  },
  "openapi": "3.0.3",
  "paths": {
    "/api/auth/gamertag": {
      "post": {
        "responses": {
          "200": {
            "description": "Default Response",
          },
        },
      },
    },
    "/api/auth/login": {
      "post": {
        "responses": {
          "200": {
            "description": "Default Response",
          },
        },
      },
    },
    "/api/auth/logout": {
      "post": {
        "responses": {
          "200": {
            "description": "Default Response",
          },
        },
      },
    },
    "/api/auth/me": {
      "get": {
        "responses": {
          "200": {
            "description": "Default Response",
          },
        },
      },
    },
    "/api/auth/profile": {
      "post": {
        "responses": {
          "200": {
            "description": "Default Response",
          },
        },
      },
    },
    "/api/auth/register": {
      "post": {
        "responses": {
          "200": {
            "description": "Default Response",
          },
        },
      },
    },
    "/api/defaults": {
      "get": {
        "responses": {
          "200": {
            "description": "Default Response",
          },
        },
        "summary": "Default match parameters and constraints",
        "tags": [
          "config",
        ],
      },
    },
    "/api/ladder/{category}": {
      "get": {
        "parameters": [
          {
            "in": "path",
            "name": "category",
            "required": true,
            "schema": {
              "type": "string",
            },
          },
        ],
        "responses": {
          "200": {
            "description": "Default Response",
          },
        },
      },
    },
    "/api/ladder/{category}/{userId}": {
      "get": {
        "parameters": [
          {
            "in": "path",
            "name": "category",
            "required": true,
            "schema": {
              "type": "string",
            },
          },
          {
            "in": "path",
            "name": "userId",
            "required": true,
            "schema": {
              "type": "string",
            },
          },
        ],
        "responses": {
          "200": {
            "description": "Default Response",
          },
        },
      },
    },
    "/api/matches/{matchId}/verify": {
      "get": {
        "parameters": [
          {
            "in": "path",
            "name": "matchId",
            "required": true,
            "schema": {
              "type": "string",
            },
          },
        ],
        "responses": {
          "200": {
            "description": "Default Response",
          },
        },
      },
    },
    "/api/stats": {
      "get": {
        "responses": {
          "200": {
            "description": "Default Response",
          },
        },
      },
    },
    "/api/stats/{userId}/history": {
      "get": {
        "parameters": [
          {
            "in": "path",
            "name": "userId",
            "required": true,
            "schema": {
              "type": "string",
            },
          },
        ],
        "responses": {
          "200": {
            "description": "Default Response",
          },
        },
      },
    },
    "/health": {
      "get": {
        "description": "Returns 200 if the process is alive. Used by orchestrators and load balancers.",
        "responses": {
          "200": {
            "content": {
              "application/json": {
                "schema": {
                  "properties": {
                    "memory_heap_used_mb": {
                      "type": "integer",
                    },
                    "observability": {
                      "properties": {
                        "region": {
                          "type": "string",
                        },
                        "sentry_initialized": {
                          "type": "boolean",
                        },
                      },
                      "type": "object",
                    },
                    "status": {
                      "enum": [
                        "ok",
                      ],
                      "type": "string",
                    },
                    "timestamp": {
                      "format": "date-time",
                      "type": "string",
                    },
                    "uptime_seconds": {
                      "type": "integer",
                    },
                    "version": {
                      "type": "string",
                    },
                  },
                  "type": "object",
                },
              },
            },
            "description": "Default Response",
          },
        },
        "summary": "Server health check (liveness probe)",
        "tags": [
          "system",
        ],
      },
    },
    "/internal/matches": {
      "post": {
        "responses": {
          "200": {
            "description": "Default Response",
          },
        },
      },
    },
    "/matches": {
      "get": {
        "responses": {
          "200": {
            "content": {
              "application/json": {
                "schema": {
                  "items": {
                    "properties": {
                      "ageSeconds": {
                        "type": "integer",
                      },
                      "lastActivitySeconds": {
                        "type": "integer",
                      },
                      "matchId": {
                        "format": "uuid",
                        "type": "string",
                      },
                      "phase": {
                        "nullable": true,
                        "type": "string",
                      },
                      "players": {
                        "items": {
                          "properties": {
                            "connected": {
                              "type": "boolean",
                            },
                            "name": {
                              "type": "string",
                            },
                          },
                          "type": "object",
                        },
                        "type": "array",
                      },
                      "spectatorCount": {
                        "type": "integer",
                      },
                      "turnNumber": {
                        "nullable": true,
                        "type": "integer",
                      },
                    },
                    "type": "object",
                  },
                  "type": "array",
                },
              },
            },
            "description": "Default Response",
          },
        },
        "summary": "List all active matches",
        "tags": [
          "matches",
        ],
      },
      "post": {
        "responses": {
          "201": {
            "content": {
              "application/json": {
                "schema": {
                  "properties": {
                    "matchId": {
                      "format": "uuid",
                      "type": "string",
                    },
                  },
                  "type": "object",
                },
              },
            },
            "description": "Default Response",
          },
        },
        "summary": "Create a new match",
        "tags": [
          "matches",
        ],
      },
    },
    "/matches/completed": {
      "get": {
        "parameters": [
          {
            "in": "query",
            "name": "page",
            "required": false,
            "schema": {
              "type": "string",
            },
          },
          {
            "in": "query",
            "name": "limit",
            "required": false,
            "schema": {
              "type": "string",
            },
          },
        ],
        "responses": {
          "200": {
            "content": {
              "application/json": {
                "schema": {
                  "items": {
                    "properties": {
                      "completedAt": {
                        "format": "date-time",
                        "type": "string",
                      },
                      "createdAt": {
                        "format": "date-time",
                        "type": "string",
                      },
                      "fingerprint": {
                        "nullable": true,
                        "type": "string",
                      },
                      "matchId": {
                        "format": "uuid",
                        "type": "string",
                      },
                      "playerIds": {
                        "items": {
                          "nullable": true,
                          "type": "string",
                        },
                        "type": "array",
                      },
                      "playerNames": {
                        "items": {
                          "type": "string",
                        },
                        "type": "array",
                      },
                      "turnCount": {
                        "nullable": true,
                        "type": "integer",
                      },
                      "victoryType": {
                        "nullable": true,
                        "type": "string",
                      },
                      "winnerIndex": {
                        "nullable": true,
                        "type": "integer",
                      },
                    },
                    "type": "object",
                  },
                  "type": "array",
                },
              },
            },
            "description": "Default Response",
          },
        },
        "summary": "Paginated list of completed match summaries",
        "tags": [
          "matches",
        ],
      },
    },
    "/matches/{id}/log": {
      "get": {
        "parameters": [
          {
            "in": "query",
            "name": "format",
            "required": false,
            "schema": {
              "type": "string",
            },
          },
          {
            "in": "path",
            "name": "id",
            "required": true,
            "schema": {
              "format": "uuid",
              "type": "string",
            },
          },
        ],
        "responses": {
          "404": {
            "content": {
              "application/json": {
                "schema": {
                  "properties": {
                    "code": {
                      "type": "string",
                    },
                    "error": {
                      "type": "string",
                    },
                  },
                  "type": "object",
                },
              },
            },
            "description": "Default Response",
          },
        },
        "summary": "Event log for a match (full JSON, compact JSON, or HTML)",
        "tags": [
          "matches",
        ],
      },
    },
    "/matches/{matchId}/replay": {
      "get": {
        "parameters": [
          {
            "in": "path",
            "name": "matchId",
            "required": true,
            "schema": {
              "format": "uuid",
              "type": "string",
            },
          },
        ],
        "responses": {
          "200": {
            "content": {
              "application/json": {
                "schema": {
                  "properties": {
                    "actionCount": {
                      "type": "integer",
                    },
                    "error": {
                      "type": "string",
                    },
                    "failedAtIndex": {
                      "type": "integer",
                    },
                    "finalStateHash": {
                      "type": "string",
                    },
                    "valid": {
                      "type": "boolean",
                    },
                  },
                  "type": "object",
                },
              },
            },
            "description": "Default Response",
          },
          "401": {
            "content": {
              "application/json": {
                "schema": {
                  "properties": {
                    "code": {
                      "type": "string",
                    },
                    "error": {
                      "type": "string",
                    },
                  },
                  "type": "object",
                },
              },
            },
            "description": "Default Response",
          },
          "404": {
            "content": {
              "application/json": {
                "schema": {
                  "properties": {
                    "code": {
                      "type": "string",
                    },
                    "error": {
                      "type": "string",
                    },
                  },
                  "type": "object",
                },
              },
            },
            "description": "Default Response",
          },
        },
        "summary": "Replay and validate a match from its action history",
        "tags": [
          "matches",
        ],
      },
    },
    "/ready": {
      "get": {
        "description": "Returns 200 if the app is ready to handle traffic, including database connectivity.",
        "responses": {
          "200": {
            "content": {
              "application/json": {
                "schema": {
                  "properties": {
                    "database": {
                      "enum": [
                        "ok",
                        "unhealthy",
                      ],
                      "type": "string",
                    },
                    "ready": {
                      "type": "boolean",
                    },
                    "timestamp": {
                      "format": "date-time",
                      "type": "string",
                    },
                  },
                  "type": "object",
                },
              },
            },
            "description": "Default Response",
          },
          "503": {
            "content": {
              "application/json": {
                "schema": {
                  "properties": {
                    "database": {
                      "enum": [
                        "ok",
                        "unhealthy",
                      ],
                      "type": "string",
                    },
                    "error": {
                      "type": "string",
                    },
                    "ready": {
                      "type": "boolean",
                    },
                    "timestamp": {
                      "format": "date-time",
                      "type": "string",
                    },
                  },
                  "type": "object",
                },
              },
            },
            "description": "Default Response",
          },
        },
        "summary": "Server readiness check",
        "tags": [
          "system",
        ],
      },
    },
  },
  "servers": [
    {
      "url": "http://localhost:3001",
    },
  ],
}
`;
