
> @phalanxduel/client@1.0.0-rev.3 test /Users/mike/github.com/phalanxduel/game/client
> vitest run tests/lobby.test.ts


 RUN  v4.1.5 /Users/mike/github.com/phalanxduel/game/client

stdout | tests/lobby.test.ts > lobby module > renderLobby > renders lobby wrapper with title "Phalanx Duel"
[HealthBadge] Rendering color=null label=null

stdout | tests/lobby.test.ts > lobby module > renderLobby > renders name input with data-testid="lobby-name-input"
[HealthBadge] Rendering color=null label=null

stdout | tests/lobby.test.ts > lobby module > renderLobby > renders Private Match button with data-testid="lobby-create-btn"
[HealthBadge] Rendering color=null label=null

stdout | tests/lobby.test.ts > lobby module > renderLobby > renders Quick Match button with data-testid="lobby-quick-match-btn"
[HealthBadge] Rendering color=null label=null

stdout | tests/lobby.test.ts > lobby module > renderLobby > renders Join Match button with data-testid="lobby-join-btn"
[HealthBadge] Rendering color=null label=null

stdout | tests/lobby.test.ts > lobby module > renderLobby > renders "MATCH_HISTORY" button
[HealthBadge] Rendering color=null label=null

stdout | tests/lobby.test.ts > lobby module > renderLobby > Past Games panel is hidden on initial render
[HealthBadge] Rendering color=null label=null

stdout | tests/lobby.test.ts > lobby module > renderLobby > clicking Match History button opens the panel
[HealthBadge] Rendering color=null label=null

stdout | tests/lobby.test.ts > lobby module > renderLobby > quick match seeds a default name and creates a bot-random match
[HealthBadge] Rendering color=null label=null
[lobby] Queuing action: QUICK_MATCH…

Not implemented: HTMLCanvasElement's getContext() method: without installing the canvas npm package
stdout | tests/lobby.test.ts > lobby module > renderLobby > quick match seeds a default name and creates a bot-random match
[HealthBadge] Rendering color=null label=null

stdout | tests/lobby.test.ts > lobby module > renderLobby > quick match seeds a default name and creates a bot-random match
[HealthBadge] Rendering color=null label=null

stdout | tests/lobby.test.ts > lobby module > renderLobby > past games panel is conditional based on isOpen
[HealthBadge] Rendering color=null label=null

stdout | tests/lobby.test.ts > lobby module > renderLobby > renders active match recovery panel for authenticated users
[HealthBadge] Rendering color=null label=null

Not implemented: HTMLCanvasElement's getContext() method: without installing the canvas npm package
Not implemented: HTMLCanvasElement's getContext() method: without installing the canvas npm package
Not implemented: HTMLCanvasElement's getContext() method: without installing the canvas npm package
Not implemented: HTMLCanvasElement's getContext() method: without installing the canvas npm package
Not implemented: HTMLCanvasElement's getContext() method: without installing the canvas npm package
Not implemented: HTMLCanvasElement's getContext() method: without installing the canvas npm package
Not implemented: HTMLCanvasElement's getContext() method: without installing the canvas npm package
Not implemented: HTMLCanvasElement's getContext() method: without installing the canvas npm package
Not implemented: HTMLCanvasElement's getContext() method: without installing the canvas npm package
Not implemented: HTMLCanvasElement's getContext() method: without installing the canvas npm package
stdout | tests/lobby.test.ts > lobby module > renderLobby > renders active match recovery panel for authenticated users
[HealthBadge] Rendering color=null label=null
[HealthBadge] Rendering color=null label=null
[HealthBadge] Rendering color=null label=null
[HealthBadge] Rendering color=null label=null
[HealthBadge] Rendering color=null label=null
[HealthBadge] Rendering color=null label=null
[HealthBadge] Rendering color=null label=null
[HealthBadge] Rendering color=null label=null
[HealthBadge] Rendering color=null label=null
[HealthBadge] Rendering color=null label=null

stdout | tests/lobby.test.ts > lobby module > renderLobby > renders main lobby navigation to the spectator lobby
[HealthBadge] Rendering color=null label=null

Not implemented: HTMLCanvasElement's getContext() method: without installing the canvas npm package
Not implemented: HTMLCanvasElement's getContext() method: without installing the canvas npm package
stdout | tests/lobby.test.ts > lobby module > renderLobby > renders spectator lobby rows and filters waiting/active matches
[HealthBadge] Rendering color=null label=null

stdout | tests/lobby.test.ts > lobby module > renderLobby > renders spectator lobby rows and filters waiting/active matches
[HealthBadge] Rendering color=null label=null

Not implemented: HTMLCanvasElement's getContext() method: without installing the canvas npm package
stdout | tests/lobby.test.ts > lobby module > renderLobby > sends watchMatch when an active spectator lobby row is watched
[lobby] Queuing action: INITIALIZING_SPECTATOR_LINK…

Not implemented: HTMLCanvasElement's getContext() method: without installing the canvas npm package
Not implemented: HTMLCanvasElement's getContext() method: without installing the canvas npm package
Not implemented: HTMLCanvasElement's getContext() method: without installing the canvas npm package
 ✓ tests/lobby.test.ts (21 tests) 254ms
⎯⎯⎯⎯⎯⎯ Unhandled Errors ⎯⎯⎯⎯⎯⎯

Vitest caught 1 unhandled error during the test run.
This might cause false positive tests. Resolve unhandled errors to make sure your tests are not affected.

⎯⎯⎯⎯⎯ Uncaught Exception ⎯⎯⎯⎯⎯
TypeError: Cannot read properties of undefined (reading 'length')
 ❯ getBaseStats src/game.tsx:979:41
    977|     { label: 'LP', value: ps.lifepoints },
    978|     { label: 'Hand', value: ps.hand.length },
    979|     { label: 'Deck', value: ps.drawpile.length },
       |                                         ^
    980|     { label: 'GY', value: ps.discardPile.length },
    981|   ];
 ❯ C.PhxStatsHorizontal [as constructor] src/game.tsx:792:17
 ❯ C.Q [as render] ../node_modules/.pnpm/preact@10.29.1/node_modules/preact/dist/preact.mjs:1:9212
 ❯ q ../node_modules/.pnpm/preact@10.29.1/node_modules/preact/dist/preact.mjs:1:6203
 ❯ L ../node_modules/.pnpm/preact@10.29.1/node_modules/preact/dist/preact.mjs:1:1832
 ❯ G ../node_modules/.pnpm/preact@10.29.1/node_modules/preact/dist/preact.mjs:1:8332
 ❯ q ../node_modules/.pnpm/preact@10.29.1/node_modules/preact/dist/preact.mjs:1:6882
 ❯ L ../node_modules/.pnpm/preact@10.29.1/node_modules/preact/dist/preact.mjs:1:1832
 ❯ G ../node_modules/.pnpm/preact@10.29.1/node_modules/preact/dist/preact.mjs:1:8332
 ❯ q ../node_modules/.pnpm/preact@10.29.1/node_modules/preact/dist/preact.mjs:1:6882

This error originated in "tests/lobby.test.ts" test file. It doesn't mean the error was thrown inside the file itself, but while it was running.
The latest test that might've caused the error is "renders rewatch screen, read-only board, scrubber, and step controls". It might mean one of the following:
- The error was thrown, while Vitest was running this test.
- If the error occurred after the test had been completed, this was the last documented test before it was thrown.
⎯⎯⎯⎯⎯⎯⎯⎯⎯⎯⎯⎯⎯⎯⎯⎯⎯⎯⎯⎯⎯⎯⎯⎯⎯⎯⎯⎯⎯⎯


 Test Files  1 passed (1)
      Tests  21 passed (21)
     Errors  1 error
   Start at  19:45:54
   Duration  951ms (transform 204ms, setup 0ms, import 279ms, tests 254ms, environment 352ms)

/Users/mike/github.com/phalanxduel/game/client:
 ERR_PNPM_RECURSIVE_RUN_FIRST_FAIL  @phalanxduel/client@1.0.0-rev.3 test: `vitest run tests/lobby.test.ts`
Exit status 1
